// Jest Snapshot v1, https://goo.gl/fbAQLP

exports[`Analytics injects the right script tag 1`] = `
Array [
  Object {
    "async": "",
    "custom-element": "amp-analytics",
    "src": "https://cdn.ampproject.org/v0/amp-analytics-0.1.js",
  },
]
`;

exports[`Analytics matches the snapshot 1`] = `
<amp-analytics>
  <script
    dangerouslySetInnerHTML={
      Object {
        "__html": "{\\"requests\\":{\\"base\\":\\"https://example.com/analytics?a=\${account}&u=\${canonicalUrl}&t=\${title}\\",\\"pageview\\":\\"\${base}&type=pageview\\",\\"event\\":\\"\${base}&type=event&eventId=\${eventId}\\"},\\"vars\\":{\\"account\\":\\"ABC123\\",\\"countryCode\\":\\"tr\\",\\"tags\\":[\\"Swift,Jonathan\\",\\"Gulliver's Travels\\"]},\\"extraUrlParams\\":{\\"a\\":\\"1\\",\\"b\\":\\"2\\",\\"c\\":\\"3\\"},\\"triggers\\":{\\"sampledOnRandom\\":{\\"on\\":\\"visible\\",\\"request\\":\\"request\\",\\"sampleSpec\\":{\\"sampleOn\\":\\"\${random}\\",\\"threshold\\":50}},\\"sampledOnClientId\\":{\\"on\\":\\"visible\\",\\"request\\":\\"request\\",\\"sampleSpec\\":{\\"sampleOn\\":\\"\${clientId(cookieName)}\\",\\"threshold\\":1}}},\\"transport\\":{\\"beacon\\":false,\\"xhrpost\\":false,\\"image\\":true}}",
      }
    }
    type="application/json"
  />
</amp-analytics>
`;
