// Jest Snapshot v1, https://goo.gl/fbAQLP

exports[`Image matches the snapshot 1`] = `
<amp-img
  alt=""
  src="https://placekitten.com/200/300"
  srcset={null}
/>
`;
